[1 of 1] Compiling T9951a           ( T9951a.hs, T9951a.o )
